src/app/api/revalidate/route.ts(133,17): error TS2554: Expected 2 arguments, but got 1.
